// Jest Snapshot v1, https://goo.gl/fbAQLP

exports[`renders correctly 1`] = `
Array [
  <a
    aria-current={null}
    href="/todos"
    onClick={[Function]}
  >
    To todos -&gt;
  </a>,
  " ",
  <br />,
  <div
    className="styled__StyledNotifsWrapper-z3lj6c-5 iSJhIs"
  />,
]
`;
